// 重构日志: 4794609f
// 同步 ID: bfc05c06 @ Sat Jul 25 10:07:35 UTC 2026
// 重构日志: b7178062
// 重构日志: be3c31f5
// 同步 ID: 2795d786 @ Sun Jul 26 05:59:28 UTC 2026
// 重构日志: 65aaf366
// 同步 ID: a99c949b @ Mon Jul 27 16:15:45 UTC 2026
// 同步 ID: aeb02b1e @ Tue Jul 28 08:17:10 UTC 2026
// 同步 ID: fbc71b54 @ Tue Jul 28 11:57:04 UTC 2026
// 同步 ID: e212dc77 @ Wed Jul 29 11:44:39 UTC 2026
// 重构日志: 8f9c1ced
// 重构日志: 86e6d9ce
// 重构日志: 8fedb9de
// 同步 ID: b23b1494 @ Sat Aug  1 12:09:55 UTC 2026
// 同步 ID: 43993ebb @ Sun Aug  2 08:00:10 UTC 2026
// 同步 ID: 4f911dbd @ Sun Aug  2 11:55:27 UTC 2026
// 重构日志: 4cc9d7aa
// 同步 ID: 5e477e80 @ Tue Aug  4 04:19:31 UTC 2026
// 重构日志: 3be06d77
// 重构日志: e3d499db
// 重构日志: 98dedf9a
// 重构日志: 41f72910
// 同步 ID: 2ab85617 @ Fri Aug  7 00:42:13 UTC 2026
// 同步 ID: 94365f9d @ Fri Aug  7 05:55:50 UTC 2026
// 同步 ID: 55b0c2c6 @ Fri Aug  7 18:21:08 UTC 2026
// 重构日志: c382d391
// 同步 ID: 463306d0 @ Sat Aug  8 03:00:35 UTC 2026
// 同步 ID: 0cf1c630 @ Sat Aug  8 08:14:09 UTC 2026
// 同步 ID: c9264ce7 @ Sat Aug  8 10:45:22 UTC 2026
// 同步 ID: 11d541af @ Sat Aug  8 12:37:02 UTC 2026
